// Jest Snapshot v1, https://goo.gl/fbAQLP

exports[`NotFoundPage renders correctly 1`] = `
Array [
  <header
    style={
      Object {
        "background": "rebeccapurple",
        "marginBottom": "1.45rem",
      }
    }
  >
    <div
      style={
        Object {
          "margin": "0 auto",
          "maxWidth": 960,
          "padding": "0 1.0875rem",
        }
      }
    >
      <h1
        style={
          Object {
            "margin": 0,
            "position": "relative",
          }
        }
      >
        <a
          href="/"
          style={
            Object {
              "color": "white",
              "textDecoration": "none",
            }
          }
        >
          RTG
        </a>
        <a
          href="/cart"
          style={
            Object {
              "color": "white",
              "float": "right",
              "fontSize": "1rem",
              "fontWeight": "700",
              "position": "absolute",
              "right": "1.0875rem",
              "textDecoration": "none",
              "top": "1.5rem",
            }
          }
        >
          CART
        </a>
      </h1>
    </div>
  </header>,
  <div
    style={
      Object {
        "margin": "0 auto",
        "maxWidth": 960,
        "padding": "0px 1.0875rem 1.45rem",
        "paddingTop": 0,
      }
    }
  >
    <main>
      <h1
        cart={Array []}
        setCart={[Function]}
      >
        NOT FOUND
      </h1>
      <p
        cart={Array []}
        setCart={[Function]}
      >
        You just hit a route that doesn't exist... the sadness.
      </p>
    </main>
    <footer />
  </div>,
]
`;
